Archive member included to satisfy reference by file (symbol)

/home/lennart/Programme/circle/lib/usb/libusb.a(dwhcidevice.o)
                              kernel.o (CDWHCIDevice::CDWHCIDevice(CInterruptSystem*, CTimer*, bool))
/home/lennart/Programme/circle/lib/usb/libusb.a(dwhciframeschednper.o)
                              /home/lennart/Programme/circle/lib/usb/libusb.a(dwhcidevice.o) (CDWHCIFrameSchedulerNonPeriodic::InitProtectedAllocator(unsigned int, unsigned int))
/home/lennart/Programme/circle/lib/usb/libusb.a(dwhciframeschednsplit.o)
                              /home/lennart/Programme/circle/lib/usb/libusb.a(dwhcidevice.o) (CDWHCIFrameSchedulerNoSplit::InitProtectedAllocator(unsigned int, unsigned int))
/home/lennart/Programme/circle/lib/usb/libusb.a(dwhciframeschedper.o)
                              /home/lennart/Programme/circle/lib/usb/libusb.a(dwhcidevice.o) (CDWHCIFrameSchedulerPeriodic::InitProtectedAllocator(unsigned int, unsigned int))
/home/lennart/Programme/circle/lib/usb/libusb.a(dwhcirootport.o)
                              /home/lennart/Programme/circle/lib/usb/libusb.a(dwhcidevice.o) (CDWHCIRootPort::~CDWHCIRootPort())
/home/lennart/Programme/circle/lib/usb/libusb.a(dwhcixactqueue.o)
                              /home/lennart/Programme/circle/lib/usb/libusb.a(dwhcidevice.o) (CDWHCITransactionQueue::CDWHCITransactionQueue(unsigned int, unsigned int))
/home/lennart/Programme/circle/lib/usb/libusb.a(dwhcixferstagedata.o)
                              /home/lennart/Programme/circle/lib/usb/libusb.a(dwhcidevice.o) (CDWHCITransferStageData::CDWHCITransferStageData(unsigned int, CUSBRequest*, bool, bool, unsigned int))
/home/lennart/Programme/circle/lib/usb/libusb.a(dwhciframeschediso.o)
                              /home/lennart/Programme/circle/lib/usb/libusb.a(dwhcixferstagedata.o) (CDWHCIFrameSchedulerIsochronous::CDWHCIFrameSchedulerIsochronous(bool))
/home/lennart/Programme/circle/lib/usb/libusb.a(usbdevice.o)
                              /home/lennart/Programme/circle/lib/usb/libusb.a(dwhcirootport.o) (CUSBDevice::CUSBDevice(CUSBHostController*, TUSBSpeed, CUSBHCIRootPort*))
/home/lennart/Programme/circle/lib/usb/libusb.a(usbdevicefactory.o)
                              /home/lennart/Programme/circle/lib/usb/libusb.a(usbdevice.o) (CUSBDeviceFactory::GetDevice(CUSBFunction*, CString*))
/home/lennart/Programme/circle/lib/usb/libusb.a(usbendpoint.o)
                              /home/lennart/Programme/circle/lib/usb/libusb.a(usbdevice.o) (CUSBEndpoint::CUSBEndpoint(CUSBDevice*))
/home/lennart/Programme/circle/lib/usb/libusb.a(usbfunction.o)
                              /home/lennart/Programme/circle/lib/usb/libusb.a(usbdevicefactory.o) (CUSBFunction::~CUSBFunction())
/home/lennart/Programme/circle/lib/usb/libusb.a(usbgamepadps3.o)
                              /home/lennart/Programme/circle/lib/usb/libusb.a(usbdevicefactory.o) (CUSBGamePadPS3Device::CUSBGamePadPS3Device(CUSBFunction*))
/home/lennart/Programme/circle/lib/usb/libusb.a(usbgamepadps4.o)
                              /home/lennart/Programme/circle/lib/usb/libusb.a(usbdevicefactory.o) (CUSBGamePadPS4Device::CUSBGamePadPS4Device(CUSBFunction*))
/home/lennart/Programme/circle/lib/usb/libusb.a(usbgamepadstandard.o)
                              /home/lennart/Programme/circle/lib/usb/libusb.a(usbgamepadps3.o) (CUSBGamePadStandardDevice::~CUSBGamePadStandardDevice())
/home/lennart/Programme/circle/lib/usb/libusb.a(usbgamepadswitchpro.o)
                              /home/lennart/Programme/circle/lib/usb/libusb.a(usbdevicefactory.o) (CUSBGamePadSwitchProDevice::CUSBGamePadSwitchProDevice(CUSBFunction*))
/home/lennart/Programme/circle/lib/usb/libusb.a(usbgamepadxbox360.o)
                              /home/lennart/Programme/circle/lib/usb/libusb.a(usbdevicefactory.o) (CUSBGamePadXbox360Device::CUSBGamePadXbox360Device(CUSBFunction*))
/home/lennart/Programme/circle/lib/usb/libusb.a(usbgamepadxboxone.o)
                              /home/lennart/Programme/circle/lib/usb/libusb.a(usbdevicefactory.o) (CUSBGamePadXboxOneDevice::CUSBGamePadXboxOneDevice(CUSBFunction*))
/home/lennart/Programme/circle/lib/usb/libusb.a(usbhiddevice.o)
                              /home/lennart/Programme/circle/lib/usb/libusb.a(usbgamepadps4.o) (CUSBHIDDevice::SendToEndpointOut(void const*, unsigned int, unsigned int))
/home/lennart/Programme/circle/lib/usb/libusb.a(usbhostcontroller.o)
                              /home/lennart/Programme/circle/lib/usb/libusb.a(dwhcidevice.o) (CUSBHostController::UpdatePlugAndPlay())
/home/lennart/Programme/circle/lib/usb/libusb.a(usbkeyboard.o)
                              /home/lennart/Programme/circle/lib/usb/libusb.a(usbdevicefactory.o) (CUSBKeyboardDevice::CUSBKeyboardDevice(CUSBFunction*))
/home/lennart/Programme/circle/lib/usb/libusb.a(usbmassdevice.o)
[...]
Memory Configuration

Name             Origin             Length             Attributes
*default*        0x0000000000000000 0xffffffffffffffff

Linker script and memory map

Address of section .init set to 0x8000

.init           0x0000000000008000       0x70
 *(.init)
 .init          0x0000000000008000       0x70 /home/lennart/Programme/circle/lib/libcircle.a(startup.o)
                0x0000000000008000                _start
                0x0000000000008064                _start_secondary

.text           0x0000000000008070    0x32868
 *(.text*)
 .text          0x0000000000008070        0x0 main.o
 .text.startup  0x0000000000008070       0x3c main.o
                0x0000000000008070                main
 .text          0x00000000000080ac      0x5cc kernel.o
                0x00000000000080ac                foo(void*)
                0x00000000000080e4                CKernel::CKernel()
                0x00000000000080e4                CKernel::CKernel()
                0x0000000000008238                CKernel::myInterruptHandler()
                0x0000000000008270                CKernel::~CKernel()
                0x0000000000008270                CKernel::~CKernel()
                0x0000000000008318                CKernel::Initialize()
                0x000000000000841c                CKernel::Run()
 .text.startup  0x0000000000008678       0x34 kernel.o
 *fill*         0x00000000000086ac        0x4 
 .text          0x00000000000086b0     0x30ec /home/lennart/Programme/circle/lib/usb/libusb.a(dwhcidevice.o)
                0x00000000000086b0                CDWHCIDevice::CancelDeviceTransactions(CUSBDevice*)
                0x00000000000086b8                CDWHCIDevice::CompletionRoutine(CUSBRequest*, void*, void*)
                0x000000000000870c                CDWHCIDevice::CDWHCIDevice(CInterruptSystem*, CTimer*, bool)
                0x000000000000870c                CDWHCIDevice::CDWHCIDevice(CInterruptSystem*, CTimer*, bool)
                0x000000000000880c                CDWHCIDevice::DeviceConnected()
                0x0000000000008844                CDWHCIDevice::GetPortSpeed()
                0x000000000000888c                CDWHCIDevice::OvercurrentDetected()
                0x00000000000088c4                CDWHCIDevice::DisableRootPort(bool)
                0x0000000000008938                CDWHCIDevice::PowerOn()
                0x00000000000089a4                CDWHCIDevice::Reset()
                0x0000000000008a7c                CDWHCIDevice::InitCore()
                0x0000000000008cfc                CDWHCIDevice::EnableGlobalInterrupts()
                0x0000000000008d40                CDWHCIDevice::EnableCommonInterrupts()
                0x0000000000008d78                CDWHCIDevice::EnableHostInterrupts()
                0x0000000000008e10                CDWHCIDevice::EnableChannelInterrupt(unsigned int)
                0x0000000000008e94                CDWHCIDevice::DisableChannelInterrupt(unsigned int)
                0x0000000000008f18                CDWHCIDevice::FlushTxFIFO(unsigned int)
                0x0000000000008fd8                CDWHCIDevice::FlushRxFIFO()
                0x000000000000907c                CDWHCIDevice::InitHost()
                0x000000000000927c                CDWHCIDevice::QueueTransaction(CDWHCITransferStageData*)
                0x0000000000009310                CDWHCIDevice::TransferStageAsync(CUSBRequest*, bool, bool, unsigned int)
                0x00000000000093cc                CDWHCIDevice::SubmitAsyncRequest(CUSBRequest*, unsigned int)
                0x00000000000094a4                CDWHCIDevice::QueueDelayedTransaction(CDWHCITransferStageData*)
                0x0000000000009628                CDWHCIDevice::StartChannel(CDWHCITransferStageData*)
                0x0000000000009a38                CDWHCIDevice::StartTransaction(CDWHCITransferStageData*)
                0x0000000000009b48                CDWHCIDevice::AllocateChannel()
                0x0000000000009ce0                CDWHCIDevice::SOFInterruptHandler()
                0x0000000000009cf0                CDWHCIDevice::FreeChannel(unsigned int)
                0x000000000000a3b0                CDWHCIDevice::ChannelInterruptHandler(unsigned int)
                0x000000000000a3c0                CDWHCIDevice::InterruptHandler()
                0x000000000000a590                CDWHCIDevice::InterruptStub(void*)
                0x000000000000a5b8                CDWHCIDevice::AllocateWaitBlock()
                0x000000000000a658                CDWHCIDevice::FreeWaitBlock(unsigned int)
                0x000000000000a6e0                CDWHCIDevice::TransferStage(CUSBRequest*, bool, bool, unsigned int)
                0x000000000000a7e0                CDWHCIDevice::SubmitBlockingRequest(CUSBRequest*, unsigned int)
                0x000000000000aa58                CDWHCIDevice::WaitForBit(CDWHCIRegister*, unsigned int, bool, unsigned int)
                0x000000000000ab34                CDWHCIDevice::EnableRootPort()
                0x000000000000ac4c                CDWHCIDevice::LogTransactionFailed(unsigned int)
                0x000000000000ac94                CDWHCIDevice::DumpRegister(char const*, unsigned int)
                0x000000000000acf4                CDWHCIDevice::DumpStatus(unsigned int)
                0x000000000000b3a0                CDWHCIDevice::~CDWHCIDevice()
                0x000000000000b3a0                CDWHCIDevice::~CDWHCIDevice()
                0x000000000000b49c                CDWHCIDevice::~CDWHCIDevice()
                0x000000000000b4bc                CDWHCIDevice::ReScanDevices()
                0x000000000000b53c                CDWHCIDevice::Initialize(bool)
 *fill*         0x000000000000b79c        0x4 
 .text          0x000000000000b7a0      0x440 /home/lennart/Programme/circle/lib/usb/libusb.a(dwhciframeschednper.o)
                0x000000000000b7a0                CDWHCIFrameSchedulerNonPeriodic::~CDWHCIFrameSchedulerNonPeriodic()
                0x000000000000b7a0                CDWHCIFrameSchedulerNonPeriodic::~CDWHCIFrameSchedulerNonPeriodic()
                0x000000000000b7a4                CDWHCIFrameSchedulerNonPeriodic::StartSplit()
                0x000000000000b7c0                CDWHCIFrameSchedulerNonPeriodic::IsOddFrame() const
                0x000000000000b7c8                CDWHCIFrameSchedulerNonPeriodic::PeriodicDelay(unsigned short)
                0x000000000000b7e4                CDWHCIFrameSchedulerNonPeriodic::CompleteSplit()
                0x000000000000b860                CDWHCIFrameSchedulerNonPeriodic::TransactionComplete(unsigned int)
                0x000000000000b954                CDWHCIFrameSchedulerNonPeriodic::GetFrameNumber()
                0x000000000000b9cc                CDWHCIFrameSchedulerNonPeriodic::~CDWHCIFrameSchedulerNonPeriodic()
                0x000000000000ba10                CDWHCIFrameSchedulerNonPeriodic::CDWHCIFrameSchedulerNonPeriodic()
                0x000000000000ba10                CDWHCIFrameSchedulerNonPeriodic::CDWHCIFrameSchedulerNonPeriodic()
                0x000000000000ba60                CDWHCIFrameSchedulerNonPeriodic::operator new(unsigned int)
                0x000000000000bab8                CDWHCIFrameSchedulerNonPeriodic::operator delete(void*, unsigned int)
                0x000000000000bb18                CDWHCIFrameSchedulerNonPeriodic::InitAllocator(unsigned int)
                0x000000000000bb74                CDWHCIFrameSchedulerNonPeriodic::InitProtectedAllocator(unsigned int, unsigned int)
 .text          0x000000000000bbe0      0x2d0 /home/lennart/Programme/circle/lib/usb/libusb.a(dwhciframeschednsplit.o)
                0x000000000000bbe0                CDWHCIFrameSchedulerNoSplit::~CDWHCIFrameSchedulerNoSplit()
                0x000000000000bbe0                CDWHCIFrameSchedulerNoSplit::~CDWHCIFrameSchedulerNoSplit()
                0x000000000000bbe4                CDWHCIFrameSchedulerNoSplit::StartSplit()
                0x000000000000bc00                CDWHCIFrameSchedulerNoSplit::CompleteSplit()
                0x000000000000bc1c                CDWHCIFrameSchedulerNoSplit::TransactionComplete(unsigned int)
                0x000000000000bc38                CDWHCIFrameSchedulerNoSplit::PeriodicDelay(unsigned short)
                0x000000000000bc54                CDWHCIFrameSchedulerNoSplit::GetFrameNumber()
                0x000000000000bc98                CDWHCIFrameSchedulerNoSplit::IsOddFrame() const
                0x000000000000bcd0                CDWHCIFrameSchedulerNoSplit::~CDWHCIFrameSchedulerNoSplit()
                0x000000000000bd14                CDWHCIFrameSchedulerNoSplit::CDWHCIFrameSchedulerNoSplit(bool)
                0x000000000000bd14                CDWHCIFrameSchedulerNoSplit::CDWHCIFrameSchedulerNoSplit(bool)
                0x000000000000bd30                CDWHCIFrameSchedulerNoSplit::operator new(unsigned int)
                0x000000000000bd88                CDWHCIFrameSchedulerNoSplit::operator delete(void*, unsigned int)
                0x000000000000bde8                CDWHCIFrameSchedulerNoSplit::InitAllocator(unsigned int)
                0x000000000000be44                CDWHCIFrameSchedulerNoSplit::InitProtectedAllocator(unsigned int, unsigned int)
 .text          0x000000000000beb0      0x4c0 /home/lennart/Programme/circle/lib/usb/libusb.a(dwhciframeschedper.o)
                0x000000000000beb0                CDWHCIFrameSchedulerPeriodic::~CDWHCIFrameSchedulerPeriodic()
                0x000000000000beb0                CDWHCIFrameSchedulerPeriodic::~CDWHCIFrameSchedulerPeriodic()
                0x000000000000beb4                CDWHCIFrameSchedulerPeriodic::StartSplit()
                0x000000000000bed4                CDWHCIFrameSchedulerPeriodic::PeriodicDelay(unsigned short)
                0x000000000000beec                CDWHCIFrameSchedulerPeriodic::CompleteSplit()
                0x000000000000bf90                CDWHCIFrameSchedulerPeriodic::GetFrameNumber()
                0x000000000000c01c                CDWHCIFrameSchedulerPeriodic::IsOddFrame() const
                0x000000000000c054                CDWHCIFrameSchedulerPeriodic::TransactionComplete(unsigned int)
                0x000000000000c158                CDWHCIFrameSchedulerPeriodic::~CDWHCIFrameSchedulerPeriodic()
                0x000000000000c19c                CDWHCIFrameSchedulerPeriodic::CDWHCIFrameSchedulerPeriodic()
                0x000000000000c19c                CDWHCIFrameSchedulerPeriodic::CDWHCIFrameSchedulerPeriodic()
                0x000000000000c1f0                CDWHCIFrameSchedulerPeriodic::operator new(unsigned int)
                0x000000000000c248                CDWHCIFrameSchedulerPeriodic::operator delete(void*, unsigned int)
                0x000000000000c2a8                CDWHCIFrameSchedulerPeriodic::InitAllocator(unsigned int)
                0x000000000000c304                CDWHCIFrameSchedulerPeriodic::InitProtectedAllocator(unsigned int, unsigned int)
 .text          0x000000000000c370      0x330 /home/lennart/Programme/circle/lib/usb/libusb.a(dwhcirootport.o)
                0x000000000000c370                CDWHCIRootPort::~CDWHCIRootPort()
                0x000000000000c370                CDWHCIRootPort::~CDWHCIRootPort()
                0x000000000000c3a4                CDWHCIRootPort::RemoveDevice()
                0x000000000000c400                CDWHCIRootPort::ReScanDevices()
                0x000000000000c440                CDWHCIRootPort::HandlePortStatusChange()
                0x000000000000c4ac                CDWHCIRootPort::~CDWHCIRootPort()
                0x000000000000c4ec                CDWHCIRootPort::CDWHCIRootPort(CDWHCIDevice*)
                0x000000000000c4ec                CDWHCIRootPort::CDWHCIRootPort(CDWHCIDevice*)
                0x000000000000c524                CDWHCIRootPort::Initialize()
 .text          0x000000000000c6a0      0x7a8 /home/lennart/Programme/circle/lib/usb/libusb.a(dwhcixactqueue.o)
                0x000000000000c6a0                TQueueEntry::operator new(unsigned int)
                0x000000000000c6f8                TQueueEntry::operator delete(void*, unsigned int)
                0x000000000000c758                TQueueEntry::InitAllocator(unsigned int)
                0x000000000000c7b4                TQueueEntry::InitProtectedAllocator(unsigned int, unsigned int)
                0x000000000000c820                CDWHCITransactionQueue::CDWHCITransactionQueue(unsigned int, unsigned int)
                0x000000000000c820                CDWHCITransactionQueue::CDWHCITransactionQueue(unsigned int, unsigned int)
                0x000000000000c84c                CDWHCITransactionQueue::Flush()
                0x000000000000c994                CDWHCITransactionQueue::~CDWHCITransactionQueue()
                0x000000000000c994                CDWHCITransactionQueue::~CDWHCITransactionQueue()
                0x000000000000c9b0                CDWHCITransactionQueue::FlushDevice(CUSBDevice*)
                0x000000000000cb60                CDWHCITransactionQueue::Enqueue(CDWHCITransferStageData*, unsigned short)
                0x000000000000cd00                CDWHCITransactionQueue::Dequeue(unsigned short)
 .text          0x000000000000ce48      0xe04 /home/lennart/Programme/circle/lib/usb/libusb.a(dwhcixferstagedata.o)
                0x000000000000ce48                CDWHCITransferStageData::CDWHCITransferStageData(unsigned int, CUSBRequest*, bool, bool, unsigned int)
                0x000000000000ce48                CDWHCITransferStageData::CDWHCITransferStageData(unsigned int, CUSBRequest*, bool, bool, unsigned int)
                0x000000000000d2c0                CDWHCITransferStageData::~CDWHCITransferStageData()
                0x000000000000d2c0                CDWHCITransferStageData::~CDWHCITransferStageData()
                0x000000000000d2e8                CDWHCITransferStageData::SetChannelNumber(unsigned int)
                0x000000000000d2f0                CDWHCITransferStageData::TransactionComplete(unsigned int, unsigned int, unsigned int)
                0x000000000000d56c                CDWHCITransferStageData::SetSplitComplete(bool)
                0x000000000000d59c                CDWHCITransferStageData::SetState(unsigned int)
                0x000000000000d5a4                CDWHCITransferStageData::GetState() const
                0x000000000000d5ac                CDWHCITransferStageData::SetSubState(unsigned int)
                0x000000000000d5b4                CDWHCITransferStageData::GetSubState() const
                0x000000000000d5bc                CDWHCITransferStageData::GetChannelNumber() const
                0x000000000000d5c4                CDWHCITransferStageData::IsPeriodic() const
                0x000000000000d608                CDWHCITransferStageData::IsIsochronous() const
                0x000000000000d644                CDWHCITransferStageData::GetDeviceAddress() const
                0x000000000000d670                CDWHCITransferStageData::GetEndpointType() const
                0x000000000000d6cc                CDWHCITransferStageData::GetEndpointNumber() const
                0x000000000000d6f8                CDWHCITransferStageData::GetMaxPacketSize() const
                0x000000000000d700                CDWHCITransferStageData::GetSpeed() const
                0x000000000000d708                CDWHCITransferStageData::GetPID() const
                0x000000000000d770                CDWHCITransferStageData::IsDirectionIn() const
                0x000000000000d778                CDWHCITransferStageData::IsStatusStage() const
                0x000000000000d780                CDWHCITransferStageData::GetDMAAddress() const
                0x000000000000d7a8                CDWHCITransferStageData::GetBytesToTransfer() const
                0x000000000000d7b0                CDWHCITransferStageData::GetPacketsToTransfer() const
                0x000000000000d7b8                CDWHCITransferStageData::IsSplit() const
                0x000000000000d7c0                CDWHCITransferStageData::IsSplitComplete() const
                0x000000000000d7f0                CDWHCITransferStageData::GetHubAddress() const
                0x000000000000d844                CDWHCITransferStageData::GetHubPortAddress() const
                0x000000000000d898                CDWHCITransferStageData::GetSplitPosition() const
                0x000000000000d920                CDWHCITransferStageData::GetStatusMask() const
                0x000000000000d978                CDWHCITransferStageData::GetTransactionStatus() const
                0x000000000000d9a0                CDWHCITransferStageData::GetUSBError() const
                0x000000000000da04                CDWHCITransferStageData::IsStageComplete() const
                0x000000000000da14                CDWHCITransferStageData::GetResultLen() const
                0x000000000000da28                CDWHCITransferStageData::IsTimeout() const
                0x000000000000da60                CDWHCITransferStageData::IsRetryOK() const
                0x000000000000da74                CDWHCITransferStageData::GetURB() const
                0x000000000000da9c                CDWHCITransferStageData::GetDevice() const
                0x000000000000dac4                CDWHCITransferStageData::GetFrameScheduler() const
                0x000000000000dacc                CDWHCITransferStageData::operator new(unsigned int)
                0x000000000000db24                CDWHCITransferStageData::operator delete(void*, unsigned int)
                0x000000000000db84                CDWHCITransferStageData::InitAllocator(unsigned int)
                0x000000000000dbe0                CDWHCITransferStageData::InitProtectedAllocator(unsigned int, unsigned int)
 .text          0x000000000000dc4c      0x574 /home/lennart/Programme/circle/lib/usb/libusb.a(dwhciframeschediso.o)
                0x000000000000dc4c                CDWHCIFrameSchedulerIsochronous::~CDWHCIFrameSchedulerIsochronous()
                0x000000000000dc4c                CDWHCIFrameSchedulerIsochronous::~CDWHCIFrameSchedulerIsochronous()
                0x000000000000dc50                CDWHCIFrameSchedulerIsochronous::CompleteSplit()
                0x000000000000dd1c                CDWHCIFrameSchedulerIsochronous::TransactionComplete(unsigned int)
                0x000000000000dde8                CDWHCIFrameSchedulerIsochronous::GetFrameNumber()
                0x000000000000de80                CDWHCIFrameSchedulerIsochronous::IsOddFrame() const
                0x000000000000deb8                CDWHCIFrameSchedulerIsochronous::StartSplit()
                0x000000000000df90                CDWHCIFrameSchedulerIsochronous::PeriodicDelay(unsigned short)
                0x000000000000dfd0                CDWHCIFrameSchedulerIsochronous::~CDWHCIFrameSchedulerIsochronous()
                0x000000000000e014                CDWHCIFrameSchedulerIsochronous::CDWHCIFrameSchedulerIsochronous(bool)
                0x000000000000e014                CDWHCIFrameSchedulerIsochronous::CDWHCIFrameSchedulerIsochronous(bool)
                0x000000000000e040                CDWHCIFrameSchedulerIsochronous::operator new(unsigned int)
                0x000000000000e098                CDWHCIFrameSchedulerIsochronous::operator delete(void*, unsigned int)
                0x000000000000e0f8                CDWHCIFrameSchedulerIsochronous::InitAllocator(unsigned int)
                0x000000000000e154                CDWHCIFrameSchedulerIsochronous::InitProtectedAllocator(unsigned int, unsigned int)
 .text          0x000000000000e1c0     0x12a8 /home/lennart/Programme/circle/lib/usb/libusb.a(usbdevice.o)
                0x000000000000e1c0                CUSBDevice::Configure()
                0x000000000000e278                CUSBDevice::CUSBDevice(CUSBHostController*, TUSBSpeed, CUSBHCIRootPort*)
                0x000000000000e278                CUSBDevice::CUSBDevice(CUSBHostController*, TUSBSpeed, CUSBHCIRootPort*)
                0x000000000000e330                CUSBDevice::CUSBDevice(CUSBHostController*, TUSBSpeed, CUSBStandardHub*, unsigned int)
                0x000000000000e330                CUSBDevice::CUSBDevice(CUSBHostController*, TUSBSpeed, CUSBStandardHub*, unsigned int)
                0x000000000000e494                CUSBDevice::ReScanDevices()
                0x000000000000e4d4                CUSBDevice::RemoveDevice()
                0x000000000000e520                CUSBDevice::GetName(TDeviceNameSelector) const
                0x000000000000e62c                CUSBDevice::GetNames() const
                0x000000000000e714                CUSBDevice::SetAddress(unsigned char)
                0x000000000000e740                CUSBDevice::GetAddress() const
                0x000000000000e748                CUSBDevice::GetSpeed() const
                0x000000000000e750                CUSBDevice::IsSplit() const
                0x000000000000e758                CUSBDevice::GetHubAddress() const
                0x000000000000e760                CUSBDevice::GetHubPortNumber() const
                0x000000000000e768                CUSBDevice::GetTTHubDevice() const
                0x000000000000e770                CUSBDevice::GetEndpoint0() const
                0x000000000000e798                CUSBDevice::GetHost() const
                0x000000000000e7c0                CUSBDevice::GetDeviceDescriptor() const
                0x000000000000e7e8                CUSBDevice::GetConfigurationDescriptor() const
                0x000000000000e810                CUSBDevice::GetDescriptor(unsigned char)
                0x000000000000e83c                CUSBDevice::ConfigurationError(char const*) const
                0x000000000000e868                CUSBDevice::GetFunction(unsigned int)
                0x000000000000e87c                CUSBDevice::LogWrite(TLogSeverity, char const*, ...)
                0x000000000000ea64                CUSBDevice::~CUSBDevice()
                0x000000000000ea64                CUSBDevice::~CUSBDevice()
                0x000000000000ead0                CUSBDevice::~CUSBDevice()
                0x000000000000eb48                CUSBDevice::Initialize()
 .text._ZN18CUSBHostController24CancelDeviceTransactionsEP10CUSBDevice
                0x000000000000f468        0x4 /home/lennart/Programme/circle/lib/usb/libusb.a(usbdevice.o)
                0x000000000000f468                CUSBHostController::CancelDeviceTransactions(CUSBDevice*)
 .text.startup  0x000000000000f46c       0x38 /home/lennart/Programme/circle/lib/usb/libusb.a(usbdevice.o)
 .text          0x000000000000f4a4      0x924 /home/lennart/Programme/circle/lib/usb/libusb.a(usbdevicefactory.o)
                0x000000000000f4a4                CUSBDeviceFactory::GetGenericHIDDevice(CUSBFunction*)
                0x000000000000f67c                CUSBDeviceFactory::FindDeviceID(CString*, TUSBDeviceID const*)
                0x000000000000f714                CUSBDeviceFactory::GetDevice(CUSBFunction*, CString*)
 .text          0x000000000000fdc8      0x3d0 /home/lennart/Programme/circle/lib/usb/libusb.a(usbendpoint.o)
                0x000000000000fdc8                CUSBEndpoint::CUSBEndpoint(CUSBDevice*)
                0x000000000000fdc8                CUSBEndpoint::CUSBEndpoint(CUSBDevice*)
                0x000000000000fe18                CUSBEndpoint::CUSBEndpoint(CUSBDevice*, TUSBEndpointDescriptor const*)
                0x000000000000fe18                CUSBEndpoint::CUSBEndpoint(CUSBDevice*, TUSBEndpointDescriptor const*)
                0x0000000000010000                CUSBEndpoint::~CUSBEndpoint()
                0x0000000000010000                CUSBEndpoint::~CUSBEndpoint()
                0x0000000000010004                CUSBEndpoint::GetDevice() const
                0x000000000001002c                CUSBEndpoint::GetNumber() const
                0x0000000000010034                CUSBEndpoint::GetType() const
                0x000000000001003c                CUSBEndpoint::IsDirectionIn() const
                0x0000000000010044                CUSBEndpoint::SetMaxPacketSize(unsigned int)
                0x0000000000010054                CUSBEndpoint::GetMaxPacketSize() const
                0x000000000001005c                CUSBEndpoint::GetInterval() const
                0x0000000000010090                CUSBEndpoint::GetNextPID(bool)
                0x00000000000100d0                CUSBEndpoint::SkipPID(unsigned int, bool)
                0x0000000000010168                CUSBEndpoint::ResetPID()
 .text          0x0000000000010198      0x6fc /home/lennart/Programme/circle/lib/usb/libusb.a(usbfunction.o)
                0x0000000000010198                CUSBFunction::Initialize()
                0x00000000000101a0                CUSBFunction::ReScanDevices()
                0x00000000000101a8                CUSBFunction::~CUSBFunction()
                0x00000000000101a8                CUSBFunction::~CUSBFunction()
                0x0000000000010200                CUSBFunction::RemoveDevice()
                0x000000000001022c                CUSBFunction::~CUSBFunction()
                0x0000000000010290                CUSBFunction::Configure()
                0x0000000000010390                CUSBFunction::CUSBFunction(CUSBDevice*, CUSBConfigurationParser*)
                0x0000000000010390                CUSBFunction::CUSBFunction(CUSBDevice*, CUSBConfigurationParser*)
                0x000000000001044c                CUSBFunction::CUSBFunction(CUSBFunction*)
                0x000000000001044c                CUSBFunction::CUSBFunction(CUSBFunction*)
                0x0000000000010534                CUSBFunction::GetInterfaceName() const
                0x00000000000105ac                CUSBFunction::GetNumEndpoints() const
                0x00000000000105dc                CUSBFunction::GetDevice() const
                0x0000000000010604                CUSBFunction::GetEndpoint0() const
                0x0000000000010630                CUSBFunction::GetHost() const
                0x000000000001065c                CUSBFunction::GetDescriptor(unsigned char)
                0x0000000000010688                CUSBFunction::ConfigurationError(char const*) const
                0x00000000000106d8                CUSBFunction::SelectInterfaceByClass(unsigned char, unsigned char, unsigned char)
                0x00000000000107ac                CUSBFunction::GetInterfaceNumber() const
                0x00000000000107dc                CUSBFunction::GetInterfaceClass() const
                0x000000000001080c                CUSBFunction::GetInterfaceSubClass() const
                0x000000000001083c                CUSBFunction::GetInterfaceProtocol() const
                0x000000000001086c                CUSBFunction::GetInterfaceDescriptor() const
 .text          0x0000000000010894      0x520 /home/lennart/Programme/circle/lib/usb/libusb.a(usbgamepadps3.o)
                0x0000000000010894                CUSBGamePadPS3Device::~CUSBGamePadPS3Device()
                0x0000000000010894                CUSBGamePadPS3Device::~CUSBGamePadPS3Device()
                0x00000000000108b4                CUSBGamePadPS3Device::~CUSBGamePadPS3Device()
                0x00000000000108e0                CUSBGamePadPS3Device::SetRumbleMode(TGamePadRumbleMode)
                0x00000000000109b0                CUSBGamePadPS3Device::SetLEDMode(TGamePadLEDMode)
                0x0000000000010a40                CUSBGamePadPS3Device::CUSBGamePadPS3Device(CUSBFunction*)
                0x0000000000010a40                CUSBGamePadPS3Device::CUSBGamePadPS3Device(CUSBFunction*)
                0x0000000000010a94                CUSBGamePadPS3Device::PS3Enable()
                0x0000000000010b5c                CUSBGamePadPS3Device::Configure()
                0x0000000000010c74                CUSBGamePadPS3Device::DecodeReport(unsigned char const*)
 .text._ZN17CUSBGamePadDevice10SetLEDModeEjhh
                0x0000000000010db4        0x8 /home/lennart/Programme/circle/lib/usb/libusb.a(usbgamepadps3.o)
                0x0000000000010db4                CUSBGamePadDevice::SetLEDMode(unsigned int, unsigned char, unsigned char)
 .text._ZN20CUSBGamePadPS3Device13GetPropertiesEv
                0x0000000000010dbc        0x8 /home/lennart/Programme/circle/lib/usb/libusb.a(usbgamepadps3.o)
                0x0000000000010dbc                CUSBGamePadPS3Device::GetProperties()
 *fill*         0x0000000000010dc4        0x4 
 .text          0x0000000000010dc8      0xa2c /home/lennart/Programme/circle/lib/usb/libusb.a(usbgamepadps4.o)
                0x0000000000010dc8                CUSBGamePadPS4Device::DecodeReport(unsigned char const*)
                0x0000000000010f48                CUSBGamePadPS4Device::~CUSBGamePadPS4Device()
                0x0000000000010f48                CUSBGamePadPS4Device::~CUSBGamePadPS4Device()
                0x0000000000010f94                CUSBGamePadPS4Device::~CUSBGamePadPS4Device()
                0x0000000000010fec                CUSBGamePadPS4Device::SetLEDMode(unsigned int, unsigned char, unsigned char)
                0x00000000000110b8                CUSBGamePadPS4Device::SetRumbleMode(TGamePadRumbleMode)
                0x00000000000111ac                CUSBGamePadPS4Device::SetLEDMode(TGamePadLEDMode)
                0x0000000000011350                CUSBGamePadPS4Device::CUSBGamePadPS4Device(CUSBFunction*)
                0x0000000000011350                CUSBGamePadPS4Device::CUSBGamePadPS4Device(CUSBFunction*)
                0x00000000000113a0                CUSBGamePadPS4Device::HandleTouchpad(unsigned char const*)
                0x0000000000011580                CUSBGamePadPS4Device::ReportHandler(unsigned char const*, unsigned int)
                0x00000000000115e8                CUSBGamePadPS4Device::SendLedRumbleCommand()
                0x0000000000011690                CUSBGamePadPS4Device::DisableTouchpad()
                0x00000000000116a4                CUSBGamePadPS4Device::Configure()
 .text._ZN20CUSBGamePadPS4Device13GetPropertiesEv
                0x00000000000117f4        0x8 /home/lennart/Programme/circle/lib/usb/libusb.a(usbgamepadps4.o)
                0x00000000000117f4                CUSBGamePadPS4Device::GetProperties()
 .text          0x00000000000117fc      0x7e8 /home/lennart/Programme/circle/lib/usb/libusb.a(usbgamepadstandard.o)
                0x00000000000117fc                CUSBGamePadStandardDevice::~CUSBGamePadStandardDevice()
                0x00000000000117fc                CUSBGamePadStandardDevice::~CUSBGamePadStandardDevice()
                0x0000000000011838                CUSBGamePadStandardDevice::~CUSBGamePadStandardDevice()
                0x0000000000011880                CUSBGamePadStandardDevice::CUSBGamePadStandardDevice(CUSBFunction*, bool)
                0x0000000000011880                CUSBGamePadStandardDevice::CUSBGamePadStandardDevice(CUSBFunction*, bool)
                0x00000000000118b8                CUSBGamePadStandardDevice::BitGetUnsigned(void const*, unsigned int, unsigned int)
                0x0000000000011954                CUSBGamePadStandardDevice::BitGetSigned(void const*, unsigned int, unsigned int)
                0x0000000000011a10                CUSBGamePadStandardDevice::DecodeReport(unsigned char const*)
                0x0000000000011e54                CUSBGamePadStandardDevice::Configure()
 .text._ZN17CUSBGamePadDevice13GetPropertiesEv
                0x0000000000011fe4        0x8 /home/lennart/Programme/circle/lib/usb/libusb.a(usbgamepadstandard.o)
                0x0000000000011fe4                CUSBGamePadDevice::GetProperties()
 .text._ZN17CUSBGamePadDevice10SetLEDModeE15TGamePadLEDMode
                0x0000000000011fec        0x8 /home/lennart/Programme/circle/lib/usb/libusb.a(usbgamepadstandard.o)
                0x0000000000011fec                CUSBGamePadDevice::SetLEDMode(TGamePadLEDMode)
 .text._ZN17CUSBGamePadDevice13SetRumbleModeE18TGamePadRumbleMode
                0x0000000000011ff4        0x8 /home/lennart/Programme/circle/lib/usb/libusb.a(usbgamepadstandard.o)
                0x0000000000011ff4                CUSBGamePadDevice::SetRumbleMode(TGamePadRumbleMode)
 .text          0x0000000000011ffc      0x740 /home/lennart/Programme/circle/lib/usb/libusb.a(usbgamepadswitchpro.o)
                0x0000000000011ffc                CUSBGamePadSwitchProDevice::~CUSBGamePadSwitchProDevice()
                0x0000000000011ffc                CUSBGamePadSwitchProDevice::~CUSBGamePadSwitchProDevice()
                0x000000000001201c                CUSBGamePadSwitchProDevice::~CUSBGamePadSwitchProDevice()
                0x0000000000012048                CUSBGamePadSwitchProDevice::SetRumbleMode(TGamePadRumbleMode)
                0x000000000001214c                CUSBGamePadSwitchProDevice::DecodeReport(unsigned char const*)
                0x0000000000012330                CUSBGamePadSwitchProDevice::SetLEDMode(TGamePadLEDMode)
                0x00000000000123f4                CUSBGamePadSwitchProDevice::CUSBGamePadSwitchProDevice(CUSBFunction*)
                0x00000000000123f4                CUSBGamePadSwitchProDevice::CUSBGamePadSwitchProDevice(CUSBFunction*)
                0x0000000000012434                CUSBGamePadSwitchProDevice::Configure()
 .text._ZN26CUSBGamePadSwitchProDevice13GetPropertiesEv
                0x000000000001273c        0x8 /home/lennart/Programme/circle/lib/usb/libusb.a(usbgamepadswitchpro.o)
                0x000000000001273c                CUSBGamePadSwitchProDevice::GetProperties()
 .text          0x0000000000012744      0x3e0 /home/lennart/Programme/circle/lib/usb/libusb.a(usbgamepadxbox360.o)
                0x0000000000012744                CUSBGamePadXbox360Device::~CUSBGamePadXbox360Device()
                0x0000000000012744                CUSBGamePadXbox360Device::~CUSBGamePadXbox360Device()
                0x0000000000012764                CUSBGamePadXbox360Device::~CUSBGamePadXbox360Device()
                0x0000000000012790                CUSBGamePadXbox360Device::DecodeReport(unsigned char const*)
                0x0000000000012894                CUSBGamePadXbox360Device::ReportHandler(unsigned char const*, unsigned int)
                0x0000000000012900                CUSBGamePadXbox360Device::SetLEDMode(TGamePadLEDMode)
                0x0000000000012954                CUSBGamePadXbox360Device::SetRumbleMode(TGamePadRumbleMode)
                0x00000000000129e4                CUSBGamePadXbox360Device::CUSBGamePadXbox360Device(CUSBFunction*)
                0x00000000000129e4                CUSBGamePadXbox360Device::CUSBGamePadXbox360Device(CUSBFunction*)
                0x0000000000012a04                CUSBGamePadXbox360Device::Configure()
 .text._ZN24CUSBGamePadXbox360Device13GetPropertiesEv
                0x0000000000012b24        0x8 /home/lennart/Programme/circle/lib/usb/libusb.a(usbgamepadxbox360.o)
                0x0000000000012b24                CUSBGamePadXbox360Device::GetProperties()
 .text          0x0000000000012b2c      0x4ec /home/lennart/Programme/circle/lib/usb/libusb.a(usbgamepadxboxone.o)
                0x0000000000012b2c                CUSBGamePadXboxOneDevice::DecodeReport(unsigned char const*)
                0x0000000000012c94                CUSBGamePadXboxOneDevice::~CUSBGamePadXboxOneDevice()
                0x0000000000012c94                CUSBGamePadXboxOneDevice::~CUSBGamePadXboxOneDevice()
                0x0000000000012cb4                CUSBGamePadXboxOneDevice::~CUSBGamePadXboxOneDevice()
                0x0000000000012ce0                CUSBGamePadXboxOneDevice::ReportHandler(unsigned char const*, unsigned int)
                0x0000000000012e00                CUSBGamePadXboxOneDevice::SetRumbleMode(TGamePadRumbleMode)
                0x0000000000012ed0                CUSBGamePadXboxOneDevice::CUSBGamePadXboxOneDevice(CUSBFunction*)
                0x0000000000012ed0                CUSBGamePadXboxOneDevice::CUSBGamePadXboxOneDevice(CUSBFunction*)
                0x0000000000012ef8                CUSBGamePadXboxOneDevice::Configure()
 .text._ZN24CUSBGamePadXboxOneDevice13GetPropertiesEv
                0x0000000000013018        0x8 /home/lennart/Programme/circle/lib/usb/libusb.a(usbgamepadxboxone.o)
                0x0000000000013018                CUSBGamePadXboxOneDevice::GetProperties()
 .text          0x0000000000013020      0x7f8 /home/lennart/Programme/circle/lib/usb/libusb.a(usbhiddevice.o)
                0x0000000000013020                CUSBHIDDevice::SendCompletionRoutine(CUSBRequest*, void*, void*)
                0x00000000000130b4                CUSBHIDDevice::CUSBHIDDevice(CUSBFunction*, unsigned int)
                0x00000000000130b4                CUSBHIDDevice::CUSBHIDDevice(CUSBFunction*, unsigned int)
                0x000000000001310c                CUSBHIDDevice::~CUSBHIDDevice()
                0x000000000001310c                CUSBHIDDevice::~CUSBHIDDevice()
                0x0000000000013198                CUSBHIDDevice::~CUSBHIDDevice()
                0x00000000000131b8                CUSBHIDDevice::ConfigureHID(unsigned int)
                0x0000000000013414                CUSBHIDDevice::SendToEndpointOut(void const*, unsigned int, unsigned int)
                0x00000000000134a8                CUSBHIDDevice::SendToEndpointOutAsync(void const*, unsigned int, unsigned int)
                0x000000000001358c                CUSBHIDDevice::ReceiveFromEndpointIn(void*, unsigned int, unsigned int)
                0x0000000000013628                CUSBHIDDevice::StartRequest()
                0x0000000000013700                CUSBHIDDevice::CompletionRoutine(CUSBRequest*)
                0x00000000000137ec                CUSBHIDDevice::CompletionStub(CUSBRequest*, void*, void*)
 .text          0x0000000000013818      0x600 /home/lennart/Programme/circle/lib/usb/libusb.a(usbhostcontroller.o)
                0x0000000000013818                CUSBHostController::UpdatePlugAndPlay()
                0x0000000000013978                CUSBHostController::CUSBHostController(bool)
                0x0000000000013978                CUSBHostController::CUSBHostController(bool)
                0x00000000000139bc                CUSBHostController::~CUSBHostController()
                0x00000000000139bc                CUSBHostController::~CUSBHostController()
                0x00000000000139ec                CUSBHostController::~CUSBHostController()
                0x0000000000013a28                CUSBHostController::ControlMessage(CUSBEndpoint*, unsigned char, unsigned char, unsigned short, unsigned short, void*, unsigned short)
                0x0000000000013b00                CUSBHostController::GetDescriptor(CUSBEndpoint*, unsigned char, unsigned char, void*, unsigned int, unsigned char, unsigned short)
                0x0000000000013b34                CUSBHostController::SetAddress(CUSBEndpoint*, unsigned char)
                0x0000000000013b7c                CUSBHostController::SetConfiguration(CUSBEndpoint*, unsigned char)
                0x0000000000013bc4                CUSBHostController::Transfer(CUSBEndpoint*, void*, unsigned int, unsigned int)
                0x0000000000013c28                CUSBHostController::IsPlugAndPlay()
                0x0000000000013c38                CUSBHostController::PortStatusChanged(CUSBHCIRootPort*)
                0x0000000000013d10                CUSBHostController::PortStatusChanged(CUSBStandardHub*)
                0x0000000000013de8                CUSBHostController::Get()
 .text          0x0000000000013e18      0x4d4 /home/lennart/Programme/circle/lib/usb/libusb.a(usbkeyboard.o)
                0x0000000000013e1c                CUSBKeyboardDevice::~CUSBKeyboardDevice()
                0x0000000000013e1c                CUSBKeyboardDevice::~CUSBKeyboardDevice()
                0x0000000000013e84                CUSBKeyboardDevice::~CUSBKeyboardDevice()
                0x0000000000013ea4                CUSBKeyboardDevice::ReportHandler(unsigned char const*, unsigned int)
                0x000000000001402c                CUSBKeyboardDevice::CUSBKeyboardDevice(CUSBFunction*)
                0x000000000001402c                CUSBKeyboardDevice::CUSBKeyboardDevice(CUSBFunction*)
                0x0000000000014080                CUSBKeyboardDevice::RegisterKeyPressedHandler(void (*)(char const*))
                0x0000000000014088                CUSBKeyboardDevice::RegisterSelectConsoleHandler(void (*)(unsigned int))
                0x0000000000014090                CUSBKeyboardDevice::RegisterShutdownHandler(void (*)())
                0x0000000000014098                CUSBKeyboardDevice::GetLEDStatus() const
                0x00000000000140c0                CUSBKeyboardDevice::RegisterKeyStatusHandlerRaw(void (*)(unsigned char, unsigned char const*, void*), bool, void*)
                0x00000000000140f4                CUSBKeyboardDevice::RegisterKeyStatusHandlerRaw(void (*)(unsigned char, unsigned char const*), bool)
                0x000000000001410c                CUSBKeyboardDevice::UnregisterKeyStatusHandlerRaw()
                0x000000000001411c                CUSBKeyboardDevice::SetLEDs(unsigned char)
                0x00000000000141ac                CUSBKeyboardDevice::Configure()
                0x0000000000014244                CUSBKeyboardDevice::UpdateLEDs()
                0x00000000000142c0                CUSBKeyboardDevice::FindByte(unsigned char const*, unsigned char, unsigned int)
 .text.startup  0x00000000000142ec       0x38 /home/lennart/Programme/circle/lib/usb/libusb.a(usbkeyboard.o)
 .text          0x0000000000014324      0xdc4 /home/lennart/Programme/circle/lib/usb/libusb.a(usbmassdevice.o)
                0x0000000000014324                CUSBBulkOnlyMassStorageDevice::Seek(unsigned long long)
                0x0000000000014338                CUSBBulkOnlyMassStorageDevice::~CUSBBulkOnlyMassStorageDevice()
                0x0000000000014338                CUSBBulkOnlyMassStorageDevice::~CUSBBulkOnlyMassStorageDevice()
                0x0000000000014410                CUSBBulkOnlyMassStorageDevice::~CUSBBulkOnlyMassStorageDevice()
                0x0000000000014430                CUSBBulkOnlyMassStorageDevice::GetSize() const
                0x0000000000014478                CUSBBulkOnlyMassStorageDevice::CUSBBulkOnlyMassStorageDevice(CUSBFunction*)
                0x0000000000014478                CUSBBulkOnlyMassStorageDevice::CUSBBulkOnlyMassStorageDevice(CUSBFunction*)
                0x00000000000144c0                CUSBBulkOnlyMassStorageDevice::GetCapacity() const
                0x00000000000144c8                CUSBBulkOnlyMassStorageDevice::Command(void*, unsigned int, void*, unsigned int, bool)
                0x00000000000148ac                CUSBBulkOnlyMassStorageDevice::TryRead(void*, unsigned int)
                0x0000000000014980                CUSBBulkOnlyMassStorageDevice::TryWrite(void const*, unsigned int)
                0x0000000000014a50                CUSBBulkOnlyMassStorageDevice::Reset()
                0x0000000000014bc8                CUSBBulkOnlyMassStorageDevice::Read(void*, unsigned int)
                0x0000000000014c30                CUSBBulkOnlyMassStorageDevice::Write(void const*, unsigned int)
                0x0000000000014c98                CUSBBulkOnlyMassStorageDevice::Configure()
 .text.startup  0x00000000000150e8       0x38 /home/lennart/Programme/circle/lib/usb/libusb.a(usbmassdevice.o)
 .text          0x0000000000015120      0x7b4 /home/lennart/Programme/circle/lib/usb/libusb.a(usbmidihost.o)
                0x0000000000015120                CUSBMIDIHostDevice::~CUSBMIDIHostDevice()
                0x0000000000015120                CUSBMIDIHostDevice::~CUSBMIDIHostDevice()
                0x00000000000151f0                CUSBMIDIHostDevice::~CUSBMIDIHostDevice()
                0x0000000000015210                CUSBMIDIHostDevice::SendEventsHandler(unsigned char const*, unsigned int, void*)
                0x0000000000015308                CUSBMIDIHostDevice::CUSBMIDIHostDevice(CUSBFunction*)
                0x0000000000015308                CUSBMIDIHostDevice::CUSBMIDIHostDevice(CUSBFunction*)
                0x0000000000015344                CUSBMIDIHostDevice::StartRequest()
                0x0000000000015424                CUSBMIDIHostDevice::TimerStub(unsigned int, void*, void*)
                0x0000000000015480                CUSBMIDIHostDevice::CompletionRoutine(CUSBRequest*)
                0x000000000001565c                CUSBMIDIHostDevice::CompletionStub(CUSBRequest*, void*, void*)
                0x0000000000015688                CUSBMIDIHostDevice::TimerHandler(unsigned int)
                0x00000000000156bc                CUSBMIDIHostDevice::Configure()
 .text          0x00000000000158d4      0x764 /home/lennart/Programme/circle/lib/usb/libusb.a(usbmouse.o)
                0x00000000000158d4                CUSBMouseDevice::~CUSBMouseDevice()
                0x00000000000158d4                CUSBMouseDevice::~CUSBMouseDevice()
                0x0000000000015930                CUSBMouseDevice::~CUSBMouseDevice()
                0x0000000000015950                CUSBMouseDevice::CUSBMouseDevice(CUSBFunction*)
                0x0000000000015950                CUSBMouseDevice::CUSBMouseDevice(CUSBFunction*)
                0x000000000001597c                CUSBMouseDevice::ExtractUnsigned(void const*, unsigned int, unsigned int)
                0x0000000000015a18                CUSBMouseDevice::ExtractSigned(void const*, unsigned int, unsigned int)
                0x0000000000015ad4                CUSBMouseDevice::ReportHandler(unsigned char const*, unsigned int)
                0x0000000000015bc0                CUSBMouseDevice::DecodeReport()
                0x0000000000015ee8                CUSBMouseDevice::Configure()
 .text          0x0000000000016038      0x378 /home/lennart/Programme/circle/lib/usb/libusb.a(usbprinter.o)
                0x0000000000016038                CUSBPrinterDevice::~CUSBPrinterDevice()
                0x0000000000016038                CUSBPrinterDevice::~CUSBPrinterDevice()
                0x00000000000160e0                CUSBPrinterDevice::~CUSBPrinterDevice()
                0x0000000000016100                CUSBPrinterDevice::Write(void const*, unsigned int)
                0x00000000000161a0                CUSBPrinterDevice::CUSBPrinterDevice(CUSBFunction*)
                0x00000000000161a0                CUSBPrinterDevice::CUSBPrinterDevice(CUSBFunction*)
                0x00000000000161d8                CUSBPrinterDevice::Configure()
 .text.startup  0x00000000000163b0       0x38 /home/lennart/Programme/circle/lib/usb/libusb.a(usbprinter.o)
 .text          0x00000000000163e8      0x4a8 /home/lennart/Programme/circle/lib/usb/libusb.a(usbrequest.o)
                0x00000000000163e8                CUSBRequest::CUSBRequest(CUSBEndpoint*, void*, unsigned int, TSetupData*)
                0x00000000000163e8                CUSBRequest::CUSBRequest(CUSBEndpoint*, void*, unsigned int, TSetupData*)
                0x0000000000016478                CUSBRequest::~CUSBRequest()
                0x0000000000016478                CUSBRequest::~CUSBRequest()
                0x000000000001647c                CUSBRequest::GetEndpoint() const
                0x00000000000164a4                CUSBRequest::SetStatus(int)
                0x00000000000164ac                CUSBRequest::SetResultLen(unsigned int)
                0x00000000000164b4                CUSBRequest::SetUSBError(TUSBError)
                0x00000000000164bc                CUSBRequest::GetStatus() const
                0x00000000000164c4                CUSBRequest::GetResultLength() const
                0x00000000000164f4                CUSBRequest::GetUSBError() const
                0x0000000000016524                CUSBRequest::GetSetupData()
                0x0000000000016578                CUSBRequest::GetBuffer()
                0x00000000000165b0                CUSBRequest::GetBufLen() const
                0x00000000000165b8                CUSBRequest::AddIsoPacket(unsigned short)
                0x0000000000016638                CUSBRequest::GetNumIsoPackets() const
                0x0000000000016660                CUSBRequest::GetIsoPacketSize(unsigned int) const
                0x0000000000016694                CUSBRequest::SetCompletionRoutine(void (*)(CUSBRequest*, void*, void*), void*, void*)
                0x00000000000166c0                CUSBRequest::CallCompletionRoutine()
                0x00000000000166fc                CUSBRequest::SetCompleteOnNAK()
                0x0000000000016708                CUSBRequest::IsCompleteOnNAK() const
                0x0000000000016710                CUSBRequest::operator new(unsigned int)
                0x0000000000016768                CUSBRequest::operator delete(void*, unsigned int)
                0x00000000000167c8                CUSBRequest::InitAllocator(unsigned int)
                0x0000000000016824                CUSBRequest::InitProtectedAllocator(unsigned int, unsigned int)
 .text          0x0000000000016890     0x113c /home/lennart/Programme/circle/lib/usb/libusb.a(usbstandardhub.o)
                0x0000000000016890                CUSBStandardHub::~CUSBStandardHub()
                0x0000000000016890                CUSBStandardHub::~CUSBStandardHub()
                0x00000000000169ac                CUSBStandardHub::~CUSBStandardHub()
                0x00000000000169cc                CUSBStandardHub::CUSBStandardHub(CUSBFunction*)
                0x00000000000169cc                CUSBStandardHub::CUSBStandardHub(CUSBFunction*)
                0x0000000000016a58                CUSBStandardHub::DisablePort(unsigned int)
                0x0000000000016b18                CUSBStandardHub::RemoveDeviceAt(unsigned int)
                0x0000000000016b5c                CUSBStandardHub::StartStatusChangeRequest()
                0x0000000000016c34                CUSBStandardHub::CompletionRoutine(CUSBRequest*)
                0x0000000000016cd8                CUSBStandardHub::CompletionStub(CUSBRequest*, void*, void*)
                0x0000000000016d04                CUSBStandardHub::Initialize()
                0x0000000000016e40                CUSBStandardHub::EnumeratePorts()
                0x00000000000174bc                CUSBStandardHub::ReScanDevices()
                0x00000000000174c0                CUSBStandardHub::Configure()
                0x0000000000017624                CUSBStandardHub::HandlePortStatusChange()
 .text.startup  0x00000000000179cc       0x38 /home/lennart/Programme/circle/lib/usb/libusb.a(usbstandardhub.o)
 .text          0x0000000000017a04      0x548 /home/lennart/Programme/circle/lib/usb/libusb.a(usbstring.o)
                0x0000000000017a04                CUSBString::CUSBString(CUSBDevice*)
                0x0000000000017a04                CUSBString::CUSBString(CUSBDevice*)
                0x0000000000017a54                CUSBString::CUSBString(CUSBString*)
                0x0000000000017a54                CUSBString::CUSBString(CUSBString*)
                0x0000000000017b18                CUSBString::~CUSBString()
                0x0000000000017b18                CUSBString::~CUSBString()
                0x0000000000017b58                CUSBString::GetFromDescriptor(unsigned char, unsigned short)
                0x0000000000017dac                CUSBString::Get() const
                0x0000000000017db4                CUSBString::GetLanguageID()
 .text          0x0000000000017f4c      0x568 /home/lennart/Programme/circle/lib/usb/libusb.a(usbserialch341.o)
                0x0000000000017f4c                CUSBSerialCH341Device::~CUSBSerialCH341Device()
                0x0000000000017f4c                CUSBSerialCH341Device::~CUSBSerialCH341Device()
                0x0000000000017f6c                CUSBSerialCH341Device::~CUSBSerialCH341Device()
                0x0000000000017f98                CUSBSerialCH341Device::SetBaudRate(unsigned int)
                0x00000000000180a8                CUSBSerialCH341Device::CUSBSerialCH341Device(CUSBFunction*)
                0x00000000000180a8                CUSBSerialCH341Device::CUSBSerialCH341Device(CUSBFunction*)
                0x00000000000180cc                CUSBSerialCH341Device::GetDeviceIDTable()
                0x00000000000180d8                CUSBSerialCH341Device::Configure()
                0x0000000000018278                CUSBSerialCH341Device::SetLineProperties(TUSBSerialDataBits, TUSBSerialParity, TUSBSerialStopBits)
 .text          0x00000000000184b4      0x610 /home/lennart/Programme/circle/lib/usb/libusb.a(usbserialcp210x.o)
                0x00000000000184b4                CUSBSerialCP210xDevice::~CUSBSerialCP210xDevice()
                0x00000000000184b4                CUSBSerialCP210xDevice::~CUSBSerialCP210xDevice()
                0x00000000000184d4                CUSBSerialCP210xDevice::~CUSBSerialCP210xDevice()
                0x0000000000018500                CUSBSerialCP210xDevice::SetBaudRate(unsigned int)
                0x0000000000018624                CUSBSerialCP210xDevice::CUSBSerialCP210xDevice(CUSBFunction*)
                0x0000000000018624                CUSBSerialCP210xDevice::CUSBSerialCP210xDevice(CUSBFunction*)
                0x0000000000018650                CUSBSerialCP210xDevice::GetDeviceIDTable()
                0x000000000001865c                CUSBSerialCP210xDevice::Configure()
                0x0000000000018864                CUSBSerialCP210xDevice::SetLineProperties(TUSBSerialDataBits, TUSBSerialParity, TUSBSerialStopBits)
 .text          0x0000000000018ac4      0x9b0 /home/lennart/Programme/circle/lib/usb/libusb.a(usbserialpl2303.o)
                0x0000000000018ac4                CUSBSerialPL2303Device::~CUSBSerialPL2303Device()
                0x0000000000018ac4                CUSBSerialPL2303Device::~CUSBSerialPL2303Device()
                0x0000000000018ae4                CUSBSerialPL2303Device::~CUSBSerialPL2303Device()
                0x0000000000018b10                CUSBSerialPL2303Device::SetBaudRate(unsigned int)
                0x0000000000018c4c                CUSBSerialPL2303Device::CUSBSerialPL2303Device(CUSBFunction*)
                0x0000000000018c4c                CUSBSerialPL2303Device::CUSBSerialPL2303Device(CUSBFunction*)
                0x0000000000018c70                CUSBSerialPL2303Device::GetDeviceIDTable()
                0x0000000000018c7c                CUSBSerialPL2303Device::Configure()
                0x00000000000191e0                CUSBSerialPL2303Device::SetLineProperties(TUSBSerialDataBits, TUSBSerialParity, TUSBSerialStopBits)
 .text          0x0000000000019474      0x5d0 /home/lennart/Programme/circle/lib/usb/libusb.a(usbserialft231x.o)
                0x0000000000019474                CUSBSerialFT231XDevice::~CUSBSerialFT231XDevice()
                0x0000000000019474                CUSBSerialFT231XDevice::~CUSBSerialFT231XDevice()
                0x0000000000019494                CUSBSerialFT231XDevice::~CUSBSerialFT231XDevice()
                0x00000000000194c0                CUSBSerialFT231XDevice::SetBaudRate(unsigned int)
                0x00000000000195f0                CUSBSerialFT231XDevice::CUSBSerialFT231XDevice(CUSBFunction*)
                0x00000000000195f0                CUSBSerialFT231XDevice::CUSBSerialFT231XDevice(CUSBFunction*)
                0x0000000000019614                CUSBSerialFT231XDevice::GetDeviceIDTable()
                0x0000000000019620                CUSBSerialFT231XDevice::Configure()
                0x0000000000019834                CUSBSerialFT231XDevice::SetLineProperties(TUSBSerialDataBits, TUSBSerialParity, TUSBSerialStopBits)
 .text          0x0000000000019a44      0x1fc /home/lennart/Programme/circle/lib/usb/libusb.a(usbserialcdc.o)
                0x0000000000019a44                CUSBSerialCDCDevice::~CUSBSerialCDCDevice()
                0x0000000000019a44                CUSBSerialCDCDevice::~CUSBSerialCDCDevice()
                0x0000000000019a64                CUSBSerialCDCDevice::~CUSBSerialCDCDevice()
                0x0000000000019a90                CUSBSerialCDCDevice::CUSBSerialCDCDevice(CUSBFunction*)
                0x0000000000019a90                CUSBSerialCDCDevice::CUSBSerialCDCDevice(CUSBFunction*)
                0x0000000000019adc                CUSBSerialCDCDevice::SetLineCoding()
                0x0000000000019bc8                CUSBSerialCDCDevice::SetBaudRate(unsigned int)
                0x0000000000019bd0                CUSBSerialCDCDevice::SetLineProperties(TUSBSerialDataBits, TUSBSerialParity, TUSBSerialStopBits)
                0x0000000000019be0                CUSBSerialCDCDevice::Configure()
 .text          0x0000000000019c40      0x9c0 /home/lennart/Programme/circle/lib/usb/libusb.a(usbtouchscreen.o)
                0x0000000000019c40                CUSBTouchScreenDevice::~CUSBTouchScreenDevice()
                0x0000000000019c40                CUSBTouchScreenDevice::~CUSBTouchScreenDevice()
                0x0000000000019c84                CUSBTouchScreenDevice::~CUSBTouchScreenDevice()
                0x0000000000019cd4                CUSBTouchScreenDevice::CUSBTouchScreenDevice(CUSBFunction*)
                0x0000000000019cd4                CUSBTouchScreenDevice::CUSBTouchScreenDevice(CUSBFunction*)
                0x0000000000019d2c                CUSBTouchScreenDevice::DecodeReportDescriptor(unsigned char const*, unsigned int)
                0x000000000001a0dc                CUSBTouchScreenDevice::Configure()
                0x000000000001a26c                CUSBTouchScreenDevice::GetValue(void const*, CUSBTouchScreenDevice::TReportItem const&, unsigned int)
                0x000000000001a310                CUSBTouchScreenDevice::ReportHandler(unsigned char const*, unsigned int)
 .text          0x000000000001a600      0x2c8 /home/lennart/Programme/circle/lib/usb/libusb.a(dwhciregister.o)
                0x000000000001a600                CDWHCIRegister::CDWHCIRegister(unsigned int)
                0x000000000001a600                CDWHCIRegister::CDWHCIRegister(unsigned int)
                0x000000000001a610                CDWHCIRegister::CDWHCIRegister(unsigned int, unsigned int)
                0x000000000001a610                CDWHCIRegister::CDWHCIRegister(unsigned int, unsigned int)
                0x000000000001a624                CDWHCIRegister::~CDWHCIRegister()
                0x000000000001a624                CDWHCIRegister::~CDWHCIRegister()
                0x000000000001a628                CDWHCIRegister::Read()
                0x000000000001a644                CDWHCIRegister::Write()
                0x000000000001a67c                CDWHCIRegister::Get() const
                0x000000000001a6ac                CDWHCIRegister::Set(unsigned int)
                0x000000000001a6bc                CDWHCIRegister::IsSet(unsigned int) const
                0x000000000001a6f8                CDWHCIRegister::And(unsigned int)
                0x000000000001a730                CDWHCIRegister::Or(unsigned int)
                0x000000000001a768                CDWHCIRegister::ClearBit(unsigned int)
                0x000000000001a7c4                CDWHCIRegister::SetBit(unsigned int)
                0x000000000001a820                CDWHCIRegister::ClearAll()
                0x000000000001a834                CDWHCIRegister::SetAll()
                0x000000000001a848                CDWHCIRegister::Dump() const
 .text          0x000000000001a8c8      0xe94 /home/lennart/Programme/circle/lib/usb/libusb.a(lan7800.o)
                0x000000000001a8c8                CLAN7800Device::GetMACAddress() const
                0x000000000001a8d0                CLAN7800Device::~CLAN7800Device()
                0x000000000001a8d0                CLAN7800Device::~CLAN7800Device()
                0x000000000001a954                non-virtual thunk to CLAN7800Device::~CLAN7800Device()
                0x000000000001a95c                CLAN7800Device::~CLAN7800Device()
                0x000000000001a97c                CLAN7800Device::ReceiveFrame(void*, unsigned int*)
                0x000000000001aae8                non-virtual thunk to CLAN7800Device::ReceiveFrame(void*, unsigned int*)
                0x000000000001ab78                CLAN7800Device::SendFrame(void const*, unsigned int)
                0x000000000001abb0                non-virtual thunk to CLAN7800Device::GetMACAddress() const
                0x000000000001abb8                non-virtual thunk to CLAN7800Device::~CLAN7800Device()
                0x000000000001abdc                non-virtual thunk to CLAN7800Device::SendFrame(void const*, unsigned int)
                0x000000000001ac18                CLAN7800Device::CLAN7800Device(CUSBFunction*)
                0x000000000001ac18                CLAN7800Device::CLAN7800Device(CUSBFunction*)
                0x000000000001ac58                CLAN7800Device::WriteReg(unsigned int, unsigned int)
                0x000000000001acf0                CLAN7800Device::ReadReg(unsigned int, unsigned int*)
                0x000000000001ad80                CLAN7800Device::WaitReg(unsigned int, unsigned int, unsigned int, unsigned int, unsigned int)
                0x000000000001ae2c                CLAN7800Device::PHYWrite(unsigned char, unsigned short)
                0x000000000001aee8                CLAN7800Device::PHYRead(unsigned char, unsigned short*)
                0x000000000001afcc                CLAN7800Device::IsLinkUp()
                0x000000000001aff4                CLAN7800Device::GetLinkSpeed()
                0x000000000001b0c0                non-virtual thunk to CLAN7800Device::GetLinkSpeed()
                0x000000000001b0c8                CLAN7800Device::InitPHY()
                0x000000000001b12c                non-virtual thunk to CLAN7800Device::IsLinkUp()
                0x000000000001b158                CLAN7800Device::ReadWriteReg(unsigned int, unsigned int, unsigned int)
                0x000000000001b1a4                CLAN7800Device::InitMACAddress()
                0x000000000001b2c8                CLAN7800Device::Configure()
 .text._ZN10CNetDevice7GetTypeEv
                0x000000000001b75c        0x8 /home/lennart/Programme/circle/lib/usb/libusb.a(lan7800.o)
                0x000000000001b75c                CNetDevice::GetType()
 .text._ZN10CNetDevice20IsSendFrameAdvisableEv
                0x000000000001b764        0x8 /home/lennart/Programme/circle/lib/usb/libusb.a(lan7800.o)
                0x000000000001b764                CNetDevice::IsSendFrameAdvisable()
 .text._ZN10CNetDevice9UpdatePHYEv
                0x000000000001b76c        0x8 /home/lennart/Programme/circle/lib/usb/libusb.a(lan7800.o)
                0x000000000001b76c                CNetDevice::UpdatePHY()
 .text          0x000000000001b774     0x1194 /home/lennart/Programme/circle/lib/usb/libusb.a(smsc951x.o)
                0x000000000001b774                CSMSC951xDevice::GetMACAddress() const
                0x000000000001b77c                CSMSC951xDevice::~CSMSC951xDevice()
                0x000000000001b77c                CSMSC951xDevice::~CSMSC951xDevice()
                0x000000000001b800                non-virtual thunk to CSMSC951xDevice::~CSMSC951xDevice()
                0x000000000001b808                CSMSC951xDevice::~CSMSC951xDevice()
                0x000000000001b828                CSMSC951xDevice::ReceiveFrame(void*, unsigned int*)
                0x000000000001b9a0                non-virtual thunk to CSMSC951xDevice::ReceiveFrame(void*, unsigned int*)
                0x000000000001ba28                CSMSC951xDevice::SendFrame(void const*, unsigned int)
                0x000000000001ba60                non-virtual thunk to CSMSC951xDevice::GetMACAddress() const
                0x000000000001ba68                non-virtual thunk to CSMSC951xDevice::~CSMSC951xDevice()
                0x000000000001ba8c                non-virtual thunk to CSMSC951xDevice::SendFrame(void const*, unsigned int)
                0x000000000001bac8                CSMSC951xDevice::CSMSC951xDevice(CUSBFunction*)
                0x000000000001bac8                CSMSC951xDevice::CSMSC951xDevice(CUSBFunction*)
                0x000000000001bb08                CSMSC951xDevice::PHYWaitNotBusy()
                0x000000000001bbc8                CSMSC951xDevice::PHYWrite(unsigned char, unsigned short)
                0x000000000001bccc                CSMSC951xDevice::PHYRead(unsigned char, unsigned short*)
                0x000000000001bdfc                CSMSC951xDevice::IsLinkUp()
                0x000000000001bee4                non-virtual thunk to CSMSC951xDevice::IsLinkUp()
                0x000000000001bfd0                CSMSC951xDevice::GetLinkSpeed()
                0x000000000001c10c                non-virtual thunk to CSMSC951xDevice::GetLinkSpeed()
                0x000000000001c24c                CSMSC951xDevice::WriteReg(unsigned int, unsigned int)
                0x000000000001c2b4                CSMSC951xDevice::ReadReg(unsigned int, unsigned int*)
                0x000000000001c318                CSMSC951xDevice::DumpReg(char const*, unsigned int)
                0x000000000001c3cc                CSMSC951xDevice::DumpRegs()
                0x000000000001c564                CSMSC951xDevice::Configure()
 .text          0x000000000001c908      0x5cc /home/lennart/Programme/circle/lib/usb/libusb.a(usbbluetooth.o)
                0x000000000001c908                CUSBBluetoothDevice::~CUSBBluetoothDevice()
                0x000000000001c908                CUSBBluetoothDevice::~CUSBBluetoothDevice()
                0x000000000001c9f8                CUSBBluetoothDevice::~CUSBBluetoothDevice()
                0x000000000001ca18                CUSBBluetoothDevice::CUSBBluetoothDevice(CUSBFunction*)
                0x000000000001ca18                CUSBBluetoothDevice::CUSBBluetoothDevice(CUSBFunction*)
                0x000000000001ca50                CUSBBluetoothDevice::SendHCICommand(void const*, unsigned int)
                0x000000000001caac                CUSBBluetoothDevice::StartRequest()
                0x000000000001cb74                CUSBBluetoothDevice::RegisterHCIEventHandler(void (*)(void const*, unsigned int))
                0x000000000001cba0                CUSBBluetoothDevice::CompletionRoutine(CUSBRequest*)
                0x000000000001cca8                CUSBBluetoothDevice::CompletionStub(CUSBRequest*, void*, void*)
                0x000000000001ccd4                CUSBBluetoothDevice::Configure()
 .text.startup  0x000000000001ced4       0x38 /home/lennart/Programme/circle/lib/usb/libusb.a(usbbluetooth.o)
 .text          0x000000000001cf0c      0x5d8 /home/lennart/Programme/circle/lib/usb/libusb.a(usbcdcethernet.o)
                0x000000000001cf0c                CUSBCDCEthernetDevice::GetMACAddress() const
                0x000000000001cf14                CUSBCDCEthernetDevice::~CUSBCDCEthernetDevice()
                0x000000000001cf14                CUSBCDCEthernetDevice::~CUSBCDCEthernetDevice()
                0x000000000001cf98                non-virtual thunk to CUSBCDCEthernetDevice::~CUSBCDCEthernetDevice()
                0x000000000001cfa0                CUSBCDCEthernetDevice::~CUSBCDCEthernetDevice()
                0x000000000001cfc0                CUSBCDCEthernetDevice::SendFrame(void const*, unsigned int)
                0x000000000001d064                non-virtual thunk to CUSBCDCEthernetDevice::SendFrame(void const*, unsigned int)
                0x000000000001d06c                CUSBCDCEthernetDevice::ReceiveFrame(void*, unsigned int*)
                0x000000000001d154                non-virtual thunk to CUSBCDCEthernetDevice::ReceiveFrame(void*, unsigned int*)
                0x000000000001d15c                non-virtual thunk to CUSBCDCEthernetDevice::GetMACAddress() const
                0x000000000001d164                non-virtual thunk to CUSBCDCEthernetDevice::~CUSBCDCEthernetDevice()
                0x000000000001d188                CUSBCDCEthernetDevice::CUSBCDCEthernetDevice(CUSBFunction*)
                0x000000000001d188                CUSBCDCEthernetDevice::CUSBCDCEthernetDevice(CUSBFunction*)
                0x000000000001d1c8                CUSBCDCEthernetDevice::InitMACAddress(unsigned char)
                0x000000000001d2c4                CUSBCDCEthernetDevice::Configure()
 .text._ZN10CNetDevice8IsLinkUpEv
                0x000000000001d4e4        0x8 /home/lennart/Programme/circle/lib/usb/libusb.a(usbcdcethernet.o)
                0x000000000001d4e4                CNetDevice::IsLinkUp()
 .text._ZN10CNetDevice12GetLinkSpeedEv
                0x000000000001d4ec        0x8 /home/lennart/Programme/circle/lib/usb/libusb.a(usbcdcethernet.o)
                0x000000000001d4ec                CNetDevice::GetLinkSpeed()
 .text          0x000000000001d4f4      0x320 /home/lennart/Programme/circle/lib/usb/libusb.a(usbconfigparser.o)
                0x000000000001d4f4                CUSBConfigurationParser::CUSBConfigurationParser(void const*, unsigned int)
                0x000000000001d4f4                CUSBConfigurationParser::CUSBConfigurationParser(void const*, unsigned int)
                0x000000000001d658                CUSBConfigurationParser::CUSBConfigurationParser(CUSBConfigurationParser*)
                0x000000000001d658                CUSBConfigurationParser::CUSBConfigurationParser(CUSBConfigurationParser*)
                0x000000000001d6a8                CUSBConfigurationParser::~CUSBConfigurationParser()
                0x000000000001d6a8                CUSBConfigurationParser::~CUSBConfigurationParser()
                0x000000000001d6ac                CUSBConfigurationParser::IsValid() const
                0x000000000001d6b4                CUSBConfigurationParser::GetDescriptor(unsigned char)
                0x000000000001d760                CUSBConfigurationParser::GetCurrentDescriptor()
                0x000000000001d7ac                CUSBConfigurationParser::Error(char const*) const
 .text          0x000000000001d814      0x23c /home/lennart/Programme/circle/lib/usb/libusb.a(usbgamepad.o)
                0x000000000001d814                CUSBGamePadDevice::GetInitialState()
                0x000000000001d81c                CUSBGamePadDevice::Configure()
                0x000000000001d8ec                CUSBGamePadDevice::ReportHandler(unsigned char const*, unsigned int)
                0x000000000001d940                CUSBGamePadDevice::RegisterStatusHandler(void (*)(unsigned int, TGamePadState const*))
                0x000000000001d98c                CUSBGamePadDevice::CUSBGamePadDevice(CUSBFunction*)
                0x000000000001d98c                CUSBGamePadDevice::CUSBGamePadDevice(CUSBFunction*)
                0x000000000001d9d0                CUSBGamePadDevice::~CUSBGamePadDevice()
                0x000000000001d9d0                CUSBGamePadDevice::~CUSBGamePadDevice()
                0x000000000001da30                CUSBGamePadDevice::~CUSBGamePadDevice()
 .text.startup  0x000000000001da50       0x38 /home/lennart/Programme/circle/lib/usb/libusb.a(usbgamepad.o)
 .text          0x000000000001da88      0x6a4 /home/lennart/Programme/circle/lib/usb/libusb.a(usbmidi.o)
                0x000000000001da88                CUSBMIDIDevice::~CUSBMIDIDevice()
                0x000000000001da88                CUSBMIDIDevice::~CUSBMIDIDevice()
                0x000000000001db04                CUSBMIDIDevice::~CUSBMIDIDevice()
                0x000000000001db5c                CUSBMIDIDevice::CUSBMIDIDevice()
                0x000000000001db5c                CUSBMIDIDevice::CUSBMIDIDevice()
                0x000000000001dbc8                CUSBMIDIDevice::RegisterPacketHandler(void (*)(unsigned int, unsigned char*, unsigned int))
                0x000000000001dc24                CUSBMIDIDevice::RegisterPacketHandler(void (*)(unsigned int, unsigned char*, unsigned int, unsigned int, void*), void*)
                0x000000000001dc74                CUSBMIDIDevice::SendEventPackets(unsigned char const*, unsigned int)
                0x000000000001dca8                CUSBMIDIDevice::SendPlainMIDI(unsigned int, unsigned char const*, unsigned int)
                0x000000000001e010                CUSBMIDIDevice::SetAllSoundOffOnUSBError(bool)
                0x000000000001e018                CUSBMIDIDevice::CallPacketHandler(unsigned char*, unsigned int)
                0x000000000001e0d4                CUSBMIDIDevice::RegisterSendEventsHandler(bool (*)(unsigned char const*, unsigned int, void*), void*)
                0x000000000001e124                CUSBMIDIDevice::GetAllSoundOffOnUSBError() const
 .text.startup  0x000000000001e12c       0x38 /home/lennart/Programme/circle/lib/usb/libusb.a(usbmidi.o)
 .text          0x000000000001e164      0x754 /home/lennart/Programme/circle/lib/usb/libusb.a(usbserial.o)
                0x000000000001e164                CUSBSerialDevice::SetBaudRate(unsigned int)
                0x000000000001e16c                CUSBSerialDevice::SetLineProperties(TUSBSerialDataBits, TUSBSerialParity, TUSBSerialStopBits)
                0x000000000001e174                CUSBSerialDevice::~CUSBSerialDevice()
                0x000000000001e174                CUSBSerialDevice::~CUSBSerialDevice()
                0x000000000001e238                CUSBSerialDevice::~CUSBSerialDevice()
                0x000000000001e258                CUSBSerialDevice::Write(void const*, unsigned int)
                0x000000000001e384                CUSBSerialDevice::Read(void*, unsigned int)
                0x000000000001e5a4                CUSBSerialDevice::CUSBSerialDevice(CUSBFunction*, unsigned int)
                0x000000000001e5a4                CUSBSerialDevice::CUSBSerialDevice(CUSBFunction*, unsigned int)
                0x000000000001e60c                CUSBSerialDevice::CompletionRoutine(CUSBRequest*)
                0x000000000001e708                CUSBSerialDevice::CompletionStub(CUSBRequest*, void*, void*)
                0x000000000001e734                CUSBSerialDevice::Configure()
 .text.startup  0x000000000001e8b8       0x38 /home/lennart/Programme/circle/lib/usb/libusb.a(usbserial.o)
 .text          0x000000000001e8f0      0x388 /home/lennart/Programme/circle/lib/input/libinput.a(keyboardbehaviour.o)
                0x000000000001e8f0                CKeyboardBehaviour::CKeyboardBehaviour()
                0x000000000001e8f0                CKeyboardBehaviour::CKeyboardBehaviour()
                0x000000000001e920                CKeyboardBehaviour::~CKeyboardBehaviour()
                0x000000000001e920                CKeyboardBehaviour::~CKeyboardBehaviour()
                0x000000000001e948                CKeyboardBehaviour::RegisterKeyPressedHandler(void (*)(char const*))
                0x000000000001e974                CKeyboardBehaviour::RegisterSelectConsoleHandler(void (*)(unsigned int))
                0x000000000001e9a0                CKeyboardBehaviour::RegisterShutdownHandler(void (*)())
                0x000000000001e9cc                CKeyboardBehaviour::GetLEDStatus() const
                0x000000000001e9d4                CKeyboardBehaviour::GenerateKeyEvent(unsigned char)
                0x000000000001eaa0                CKeyboardBehaviour::TimerStub(unsigned int, void*, void*)
                0x000000000001eb48                CKeyboardBehaviour::KeyPressed(unsigned char)
                0x000000000001eb88                CKeyboardBehaviour::KeyReleased(unsigned char)
                0x000000000001ebf0                CKeyboardBehaviour::TimerHandler(unsigned int)
 .text          0x000000000001ec78      0x448 /home/lennart/Programme/circle/lib/input/libinput.a(keymap.o)
                0x000000000001ec78                CKeyMap::CKeyMap()
                0x000000000001ec78                CKeyMap::CKeyMap()
                0x000000000001ed78                CKeyMap::~CKeyMap()
                0x000000000001ed78                CKeyMap::~CKeyMap()
                0x000000000001ed7c                CKeyMap::ClearTable(unsigned char)
                0x000000000001edb4                CKeyMap::SetEntry(unsigned char, unsigned char, unsigned short)
                0x000000000001ee04                CKeyMap::Translate(unsigned char, unsigned char)
                0x000000000001ef5c                CKeyMap::GetString(unsigned short, unsigned char, char*) const
                0x000000000001f014                CKeyMap::GetLEDStatus() const
                0x000000000001f040                CKeyMap::LookupDefaultMap(char const*)
 .text          0x000000000001f0c0      0x244 /home/lennart/Programme/circle/lib/input/libinput.a(mouse.o)
                0x000000000001f0c8                CMouseDevice::~CMouseDevice()
                0x000000000001f0c8                CMouseDevice::~CMouseDevice()
                0x000000000001f128                CMouseDevice::~CMouseDevice()
                0x000000000001f148                CMouseDevice::CMouseDevice(unsigned int, bool)
                0x000000000001f148                CMouseDevice::CMouseDevice(unsigned int, bool)
                0x000000000001f1c8                CMouseDevice::Setup(unsigned int, unsigned int)
                0x000000000001f1d0                CMouseDevice::Release()
                0x000000000001f1d8                CMouseDevice::RegisterEventHandler(void (*)(TMouseEvent, unsigned int, unsigned int, unsigned int, int))
                0x000000000001f1e0                CMouseDevice::SetCursor(unsigned int, unsigned int)
                0x000000000001f1e8                CMouseDevice::ShowCursor(bool)
                0x000000000001f1f0                CMouseDevice::UpdateCursor()
                0x000000000001f204                CMouseDevice::RegisterStatusHandler(void (*)(unsigned int, int, int, int, void*), void*)
                0x000000000001f254                CMouseDevice::RegisterStatusHandler(void (*)(unsigned int, int, int, int))
                0x000000000001f290                CMouseDevice::ReportHandler(unsigned int, int, int, int)
                0x000000000001f2f4                CMouseDevice::GetButtonCount() const
                0x000000000001f2fc                CMouseDevice::HasWheel() const
 .text.startup  0x000000000001f304       0x38 /home/lennart/Programme/circle/lib/input/libinput.a(mouse.o)
 *fill*         0x000000000001f33c        0x4 
 .text          0x000000000001f340      0x314 /home/lennart/Programme/circle/lib/input/libinput.a(touchscreen.o)
                0x000000000001f340                CTouchScreenDevice::~CTouchScreenDevice()
                0x000000000001f340                CTouchScreenDevice::~CTouchScreenDevice()
                0x000000000001f398                CTouchScreenDevice::~CTouchScreenDevice()
                0x000000000001f3fc                CTouchScreenDevice::CTouchScreenDevice(void (*)(void*), void*)
                0x000000000001f3fc                CTouchScreenDevice::CTouchScreenDevice(void (*)(void*), void*)
                0x000000000001f4a8                CTouchScreenDevice::Update()
                0x000000000001f4bc                CTouchScreenDevice::RegisterEventHandler(void (*)(TTouchScreenEvent, unsigned int, unsigned int, unsigned int))
                0x000000000001f508                CTouchScreenDevice::SetCalibration(unsigned int const*, unsigned int, unsigned int)
                0x000000000001f5c4                CTouchScreenDevice::ReportHandler(TTouchScreenEvent, unsigned int, unsigned int, unsigned int)
 .text.startup  0x000000000001f654       0x38 /home/lennart/Programme/circle/lib/input/libinput.a(touchscreen.o)
 .text          0x000000000001f68c      0x570 /home/lennart/Programme/circle/lib/input/libinput.a(mousebehaviour.o)
                0x000000000001f68c                CMouseBehaviour::CMouseBehaviour()
                0x000000000001f68c                CMouseBehaviour::CMouseBehaviour()
                0x000000000001f6a8                CMouseBehaviour::Setup(unsigned int, unsigned int)
                0x000000000001f7d0                CMouseBehaviour::RegisterEventHandler(void (*)(TMouseEvent, unsigned int, unsigned int, unsigned int, int))
                0x000000000001f81c                CMouseBehaviour::MouseStatusChanged(unsigned int, int, int, int)
                0x000000000001f9c8                CMouseBehaviour::SetCursorState(unsigned int, unsigned int, bool)
                0x000000000001fa3c                CMouseBehaviour::~CMouseBehaviour()
                0x000000000001fa3c                CMouseBehaviour::~CMouseBehaviour()
                0x000000000001fa74                CMouseBehaviour::Release()
                0x000000000001facc                CMouseBehaviour::SetCursor(unsigned int, unsigned int)
                0x000000000001fb5c                CMouseBehaviour::ShowCursor(bool)
                0x000000000001fbcc                CMouseBehaviour::UpdateCursor()
 .text          0x000000000001fbfc      0x2ec /home/lennart/Programme/circle/lib/fs/libfs.a(partitionmanager.o)
                0x000000000001fbfc                CPartitionManager::CPartitionManager(CDevice*, char const*)
                0x000000000001fbfc                CPartitionManager::CPartitionManager(CDevice*, char const*)
                0x000000000001fc28                CPartitionManager::~CPartitionManager()
                0x000000000001fc28                CPartitionManager::~CPartitionManager()
                0x000000000001fcec                CPartitionManager::Initialize()
 .text          0x000000000001fee8      0x284 /home/lennart/Programme/circle/lib/fs/libfs.a(partition.o)
                0x000000000001fee8                CPartition::Read(void*, unsigned int)
                0x000000000001ff6c                CPartition::Write(void const*, unsigned int)
                0x000000000001fff0                CPartition::Seek(unsigned long long)
                0x00000000000200a8                CPartition::~CPartition()
                0x00000000000200a8                CPartition::~CPartition()
                0x00000000000200d0                CPartition::~CPartition()
                0x0000000000020104                CPartition::CPartition(CDevice*, unsigned int, unsigned int)
                0x0000000000020104                CPartition::CPartition(CDevice*, unsigned int, unsigned int)
 .text          0x000000000002016c      0x3f0 /home/lennart/Programme/circle/lib/net/libnet.a(netsubsystem.o)
                0x000000000002016c                CNetSubSystem::CNetSubSystem(unsigned char const*, unsigned char const*, unsigned char const*, unsigned char const*, char const*, TNetDeviceType)
                0x000000000002016c                CNetSubSystem::CNetSubSystem(unsigned char const*, unsigned char const*, unsigned char const*, unsigned char const*, char const*, TNetDeviceType)
                0x00000000000202a0                CNetSubSystem::Initialize(bool)
                0x00000000000203e8                CNetSubSystem::Process()
                0x0000000000020484                CNetSubSystem::GetConfig()
                0x000000000002048c                CNetSubSystem::GetNetDeviceLayer()
                0x0000000000020494                CNetSubSystem::GetLinkLayer()
                0x000000000002049c                CNetSubSystem::GetTransportLayer()
                0x00000000000204a4                CNetSubSystem::IsRunning() const
                0x00000000000204dc                CNetSubSystem::Get()
                0x000000000002050c                CNetSubSystem::~CNetSubSystem()
                0x000000000002050c                CNetSubSystem::~CNetSubSystem()
 .text          0x000000000002055c       0xe0 /home/lennart/Programme/circle/lib/net/libnet.a(nettask.o)
                0x000000000002055c                CNetTask::~CNetTask()
                0x000000000002055c                CNetTask::~CNetTask()
                0x0000000000020584                CNetTask::~CNetTask()
                0x00000000000205b8                CNetTask::Run()
                0x00000000000205fc                CNetTask::CNetTask(CNetSubSystem*)
                0x00000000000205fc                CNetTask::CNetTask(CNetSubSystem*)
 .text          0x000000000002063c      0x994 /home/lennart/Programme/circle/lib/net/libnet.a(socket.o)
                0x000000000002063c                CSocket::~CSocket()
                0x000000000002063c                CSocket::~CSocket()
                0x0000000000020700                CSocket::~CSocket()
                0x0000000000020720                CSocket::Bind(unsigned short)
                0x000000000002077c                CSocket::Connect(CIPAddress&, unsigned short)
                0x0000000000020860                CSocket::Listen(unsigned int)
                0x000000000002094c                CSocket::Send(void const*, unsigned int, int)
                0x00000000000209c4                CSocket::Receive(void*, unsigned int, int)
                0x0000000000020a70                CSocket::SendTo(void const*, unsigned int, int, CIPAddress&, unsigned short)
                0x0000000000020b58                CSocket::ReceiveFrom(void*, unsigned int, int, CIPAddress*, unsigned short*)
                0x0000000000020c1c                CSocket::SetOptionBroadcast(bool)
                0x0000000000020c70                CSocket::GetForeignIP() const
                0x0000000000020cb0                CSocket::CSocket(CNetSubSystem*, int)
                0x0000000000020cb0                CSocket::CSocket(CNetSubSystem*, int)
                0x0000000000020d50                CSocket::CSocket(CSocket&, int)
                0x0000000000020d50                CSocket::CSocket(CSocket&, int)
                0x0000000000020dfc                CSocket::Accept(CIPAddress*, unsigned short*)
 .text          0x0000000000020fd0      0xfbc /home/lennart/Programme/circle/lib/net/libnet.a(transportlayer.o)
                0x0000000000020fd0                CTransportLayer::CTransportLayer(CNetConfig*, CNetworkLayer*)
                0x0000000000020fd0                CTransportLayer::CTransportLayer(CNetConfig*, CNetworkLayer*)
                0x0000000000021068                CTransportLayer::Initialize()
                0x0000000000021070                CTransportLayer::Bind(unsigned short, int)
                0x00000000000211e4                CTransportLayer::Connect(CIPAddress&, unsigned short, unsigned short, int)
                0x0000000000021484                CTransportLayer::Listen(unsigned short, int)
                0x00000000000215f4                CTransportLayer::Accept(CIPAddress*, unsigned short*, int)
                0x00000000000216d0                CTransportLayer::Disconnect(int)
                0x0000000000021758                CTransportLayer::Send(void const*, unsigned int, int, int)
                0x0000000000021840                CTransportLayer::Receive(void*, int, int)
                0x00000000000218fc                CTransportLayer::SendTo(void const*, unsigned int, int, CIPAddress&, unsigned short, int)
                0x00000000000219f4                CTransportLayer::ReceiveFrom(void*, int, CIPAddress*, unsigned short*, int)
                0x0000000000021ac4                CTransportLayer::SetOptionBroadcast(bool, int)
                0x0000000000021b54                CTransportLayer::IsConnected(int) const
                0x0000000000021bd4                CTransportLayer::GetForeignIP(int) const
                0x0000000000021c3c                CTransportLayer::~CTransportLayer()
                0x0000000000021c3c                CTransportLayer::~CTransportLayer()
                0x0000000000021c64                CTransportLayer::Process()
 .text._ZN12CTCPRejector7ConnectEv
                0x0000000000021f8c        0x8 /home/lennart/Programme/circle/lib/net/libnet.a(transportlayer.o)
                0x0000000000021f8c                CTCPRejector::Connect()
 .text._ZN12CTCPRejector6AcceptEP10CIPAddressPt
                0x0000000000021f94        0x8 /home/lennart/Programme/circle/lib/net/libnet.a(transportlayer.o)
                0x0000000000021f94                CTCPRejector::Accept(CIPAddress*, unsigned short*)
 .text._ZN12CTCPRejector5CloseEv
                0x0000000000021f9c        0x8 /home/lennart/Programme/circle/lib/net/libnet.a(transportlayer.o)
                0x0000000000021f9c                CTCPRejector::Close()
 .text._ZN12CTCPRejector4SendEPKvji
                0x0000000000021fa4        0x8 /home/lennart/Programme/circle/lib/net/libnet.a(transportlayer.o)
                0x0000000000021fa4                CTCPRejector::Send(void const*, unsigned int, int)
 .text._ZN12CTCPRejector7ReceiveEPvi
                0x0000000000021fac        0x8 /home/lennart/Programme/circle/lib/net/libnet.a(transportlayer.o)
                0x0000000000021fac                CTCPRejector::Receive(void*, int)
 .text._ZN12CTCPRejector6SendToEPKvjiR10CIPAddresst
                0x0000000000021fb4        0x8 /home/lennart/Programme/circle/lib/net/libnet.a(transportlayer.o)
                0x0000000000021fb4                CTCPRejector::SendTo(void const*, unsigned int, int, CIPAddress&, unsigned short)
 .text._ZN12CTCPRejector11ReceiveFromEPviP10CIPAddressPt
                0x0000000000021fbc        0x8 /home/lennart/Programme/circle/lib/net/libnet.a(transportlayer.o)
                0x0000000000021fbc                CTCPRejector::ReceiveFrom(void*, int, CIPAddress*, unsigned short*)
 .text._ZN12CTCPRejector18SetOptionBroadcastEb
                0x0000000000021fc4        0x8 /home/lennart/Programme/circle/lib/net/libnet.a(transportlayer.o)
                0x0000000000021fc4                CTCPRejector::SetOptionBroadcast(bool)
 .text._ZNK12CTCPRejector11IsConnectedEv
                0x0000000000021fcc        0x8 /home/lennart/Programme/circle/lib/net/libnet.a(transportlayer.o)
                0x0000000000021fcc                CTCPRejector::IsConnected() const
 .text._ZNK12CTCPRejector12IsTerminatedEv
                0x0000000000021fd4        0x8 /home/lennart/Programme/circle/lib/net/libnet.a(transportlayer.o)
                0x0000000000021fd4                CTCPRejector::IsTerminated() const
 .text._ZN12CTCPRejector7ProcessEv
                0x0000000000021fdc        0x4 /home/lennart/Programme/circle/lib/net/libnet.a(transportlayer.o)
                0x0000000000021fdc                CTCPRejector::Process()
 .text._ZN12CTCPRejector20NotificationReceivedE21TICMPNotificationTypeR10CIPAddressS2_tti
                0x0000000000021fe0        0x8 /home/lennart/Programme/circle/lib/net/libnet.a(transportlayer.o)
                0x0000000000021fe0                CTCPRejector::NotificationReceived(TICMPNotificationType, CIPAddress&, CIPAddress&, unsigned short, unsigned short, int)
 .text          0x0000000000021fe8      0x8f4 /home/lennart/Programme/circle/lib/net/libnet.a(networklayer.o)
                0x0000000000021fe8                CNetworkLayer::CNetworkLayer(CNetConfig*, CLinkLayer*)
                0x0000000000021fe8                CNetworkLayer::CNetworkLayer(CNetConfig*, CLinkLayer*)
                0x0000000000022068                CNetworkLayer::~CNetworkLayer()
                0x0000000000022068                CNetworkLayer::~CNetworkLayer()
                0x00000000000220c8                CNetworkLayer::Initialize()
                0x000000000002212c                CNetworkLayer::Process()
                0x0000000000022364                CNetworkLayer::Send(CIPAddress const&, void const*, unsigned int, int)
                0x00000000000225ac                CNetworkLayer::Receive(void*, unsigned int*, CIPAddress*, CIPAddress*, int*)
                0x00000000000226dc                CNetworkLayer::ReceiveNotification(TICMPNotificationType*, CIPAddress*, CIPAddress*, unsigned short*, unsigned short*, int*)
                0x0000000000022840                CNetworkLayer::AddRoute(unsigned char const*, unsigned char const*)
                0x0000000000022848                CNetworkLayer::GetGateway(unsigned char const*) const
                0x00000000000228b0                CNetworkLayer::SendFailed(unsigned int, void const*, unsigned int)
 .text          0x00000000000228dc      0x764 /home/lennart/Programme/circle/lib/net/libnet.a(linklayer.o)
                0x00000000000228dc                CLinkLayer::CLinkLayer(CNetConfig*, CNetDeviceLayer*)
                0x00000000000228dc                CLinkLayer::CLinkLayer(CNetConfig*, CNetDeviceLayer*)
                0x0000000000022964                CLinkLayer::~CLinkLayer()
                0x0000000000022964                CLinkLayer::~CLinkLayer()
                0x00000000000229b4                CLinkLayer::Initialize()
                0x0000000000022a18                CLinkLayer::AttachLayer(CNetworkLayer*)
                0x0000000000022a64                CLinkLayer::Process()
                0x0000000000022c28                CLinkLayer::Send(CIPAddress const&, void const*, unsigned int)
                0x0000000000022ddc                CLinkLayer::Receive(void*, unsigned int*)
                0x0000000000022e40                CLinkLayer::SendRaw(void const*, unsigned int)
                0x0000000000022eb4                CLinkLayer::ReceiveRaw(void*, unsigned int*, CMACAddress*)
                0x0000000000022f78                CLinkLayer::EnableReceiveRaw(unsigned short)
                0x0000000000022fc4                CLinkLayer::ResolveFailed(void const*, unsigned int)
 .text          0x0000000000023040      0x38c /home/lennart/Programme/circle/lib/net/libnet.a(netdevlayer.o)
                0x0000000000023040                CNetDeviceLayer::CNetDeviceLayer(CNetConfig*, TNetDeviceType)
                0x0000000000023040                CNetDeviceLayer::CNetDeviceLayer(CNetConfig*, TNetDeviceType)
                0x000000000002306c                CNetDeviceLayer::~CNetDeviceLayer()
                0x000000000002306c                CNetDeviceLayer::~CNetDeviceLayer()
                0x0000000000023098                CNetDeviceLayer::Initialize(bool)
                0x0000000000023204                CNetDeviceLayer::Process()
                0x0000000000023348                CNetDeviceLayer::GetMACAddress() const